// Jest Snapshot v1, https://goo.gl/fbAQLP

exports[`<Mailbox> should should display number of unread messages 1`] = `ShallowWrapper {}`;
